// Jest Snapshot v1, https://goo.gl/fbAQLP

exports[`Counter Component Avoir match avec le snapshot 1`] = `
<h2>Counter</h2>
<p>Comienza en 10 gracias al start en las props (propiedad)</p>
<h3>Raíz cuadrada usando Method</h3>
<p>100<sup>2</sup> = 10000</p>
<p data-testid="counter">100</p>
<div class="button-con"><button data-testid="counterBtnInc">+1</button><button data-testid="counterBtnDec">-1</button></div><!-- el @ reemplaza el v:on -->
<!-- <h3>Raíz cuadrada usando Computed</h3>
  <p>{{ counter }}<sup>2</sup> = {{ RaizCuadradaComputed }}</p> no se usa () con computed -->
`;
